This is XeTeX, Version 3.141592653-2.6-0.999997 (TeX Live 2025) (preloaded format=xelatex 2026.2.26)  22 MAY 2026 17:02
entering extended mode
 restricted \write18 enabled.
 %&-line parsing enabled.
**main.tex
(./main.tex
LaTeX2e <2025-11-01>
L3 programming layer <2026-01-19>
(./setup.tex (./vkr.cls
Document Class: vkr VKR class
(c:/texlive/2025/texmf-dist/tex/latex/fontspec/fontspec.sty
(c:/texlive/2025/texmf-dist/tex/latex/l3packages/xparse/xparse.sty
(c:/texlive/2025/texmf-dist/tex/latex/l3kernel/expl3.sty
Package: expl3 2026-01-19 L3 programming layer (loader) 

(c:/texlive/2025/texmf-dist/tex/latex/l3backend/l3backend-xetex.def
File: l3backend-xetex.def 2025-10-09 L3 backend support: XeTeX
\g__graphics_track_int=\count271
\g__pdfannot_backend_int=\count272
\g__pdfannot_backend_link_int=\count273
))
Package: xparse 2025-10-09 L3 Experimental document command parser
)
Package: fontspec 2025/09/29 v2.9g Font selection for XeLaTeX and LuaLaTeX

(c:/texlive/2025/texmf-dist/tex/latex/fontspec/fontspec-xetex.sty
Package: fontspec-xetex 2025/09/29 v2.9g Font selection for XeLaTeX and LuaLaTe
X
\l__fontspec_script_int=\count274
\l__fontspec_language_int=\count275
\l__fontspec_strnum_int=\count276
\l__fontspec_tmp_int=\count277
\l__fontspec_tmpa_int=\count278
\l__fontspec_tmpb_int=\count279
\l__fontspec_tmpc_int=\count280
\l__fontspec_em_int=\count281
\l__fontspec_emdef_int=\count282
\l__fontspec_strong_int=\count283
\l__fontspec_strongdef_int=\count284
\l__fontspec_tmpa_dim=\dimen148
\l__fontspec_tmpb_dim=\dimen149
\l__fontspec_tmpc_dim=\dimen150

(c:/texlive/2025/texmf-dist/tex/latex/base/fontenc.sty
Package: fontenc 2025/07/18 v2.1d Standard LaTeX package
)
(c:/texlive/2025/texmf-dist/tex/latex/fontspec/fontspec.cfg)))

Package fontspec Info: 
(fontspec)             Font family 'TimesNewRoman(0)' created for font 'Times
(fontspec)             New Roman' with options [Ligatures=TeX].
(fontspec)              
(fontspec)              This font family consists of the following NFSS
(fontspec)             series/shapes:
(fontspec)              
(fontspec)             - 'normal' (m/n) with NFSS spec.: <->"Times New
(fontspec)             Roman/OT:script=latn;language=dflt;mapping=tex-text;"
(fontspec)             - 'small caps'  (m/sc) with NFSS spec.: <->"Times New
(fontspec)             Roman/OT:script=latn;language=dflt;+smcp;mapping=tex-tex
t;"
(fontspec)             - 'bold' (b/n) with NFSS spec.: <->"Times New
(fontspec)             Roman/B/OT:script=latn;language=dflt;mapping=tex-text;"
(fontspec)             - 'bold small caps'  (b/sc) with NFSS spec.: <->"Times
(fontspec)             New
(fontspec)             Roman/B/OT:script=latn;language=dflt;+smcp;mapping=tex-t
ext;"
(fontspec)             - 'italic' (m/it) with NFSS spec.: <->"Times New
(fontspec)             Roman/I/OT:script=latn;language=dflt;mapping=tex-text;"
(fontspec)             - 'italic small caps'  (m/scit) with NFSS spec.:
(fontspec)             <->"Times New
(fontspec)             Roman/I/OT:script=latn;language=dflt;+smcp;mapping=tex-t
ext;"
(fontspec)             - 'bold italic' (b/it) with NFSS spec.: <->"Times New
(fontspec)             Roman/BI/OT:script=latn;language=dflt;mapping=tex-text;"

(fontspec)             - 'bold italic small caps'  (b/scit) with NFSS spec.:
(fontspec)             <->"Times New
(fontspec)             Roman/BI/OT:script=latn;language=dflt;+smcp;mapping=tex-
text;"

\pagetop=\skip49
\pagebottom=\skip50
\pageleft=\skip51
\pageright=\skip52
\pwidth=\skip53
\pheight=\skip54
\saved@arstrutbox=\box53
\c@section=\count285
\c@subsection=\count286
\c@subsubsection=\count287
\c@paragraph=\count288
\c@figure=\count289
\c@figurecnt=\count290
\abovecaptionskip=\skip55
\belowcaptionskip=\skip56
\c@table=\count291
\c@tablecnt=\count292
\c@lastpage=\count293
\c@числоПлакатов=\count294
\c@bibcount=\count295
)
(c:/texlive/2025/texmf-dist/tex/generic/babel/babel.sty
Package: babel 2026/02/14 v26.3 The multilingual framework for LuaLaTeX, pdfLaT
eX and XeLaTeX
\babel@savecnt=\count296
LaTeX Encoding Info:    Redeclaring text command \ij (encoding OT1) on input li
ne 2078.
LaTeX Encoding Info:    Redeclaring text command \IJ (encoding OT1) on input li
ne 2080.
LaTeX Encoding Info:    Redeclaring text command \ij (encoding T1) on input lin
e 2082.
LaTeX Encoding Info:    Redeclaring text command \IJ (encoding T1) on input lin
e 2083.
LaTeX Encoding Info:    Ignoring declaration for text command \ij (encoding ?) 
on input line 2084.
LaTeX Encoding Info:    Ignoring declaration for text command \IJ (encoding ?) 
on input line 2086.
LaTeX Encoding Info:    Ignoring declaration for text command \SS (encoding ?) 
on input line 2111.
\U@D=\dimen151
\l@unhyphenated=\language90

(c:/texlive/2025/texmf-dist/tex/generic/babel/xebabel.def)
\bbl@readstream=\read2
\bbl@dirlevel=\count297

(c:/texlive/2025/texmf-dist/tex/generic/babel/locale/en/babel-english.tex)
(c:/texlive/2025/texmf-dist/tex/generic/babel/locale/ru/babel-russian.tex)
Package babel Info: Importing font and identification data for english
(babel)             from babel-en.ini. Reported on input line 4330.

(c:/texlive/2025/texmf-dist/tex/generic/babel-english/english.ldf
Language: english 2017/06/06 v3.3r English support from the babel system
Package babel Info: Hyphen rules for 'canadian' set to \l@english
(babel)             (\language0). Reported on input line 102.
Package babel Info: Hyphen rules for 'australian' set to \l@ukenglish
(babel)             (\language22). Reported on input line 105.
Package babel Info: Hyphen rules for 'newzealand' set to \l@ukenglish
(babel)             (\language22). Reported on input line 108.
)
Package babel Info: Importing font and identification data for russian
(babel)             from babel-ru.ini. Reported on input line 4330.

(c:/texlive/2025/texmf-dist/tex/generic/babel-russian/russianb.ldf
File: russianb.ldf 2021/01/10 1.3m Russian support for the Babel system
Language: russian 2020/09/09 1.3k Russian support for the Babel system
Package babel Info: Making " an active character on input line 124.
Package babel Info: Default for \cyrdash is provided on input line 163.
))
(c:/texlive/2025/texmf-dist/tex/latex/graphics/graphicx.sty
Package: graphicx 2024/12/31 v1.2e Enhanced LaTeX Graphics (DPC,SPQR)

(c:/texlive/2025/texmf-dist/tex/latex/graphics/keyval.sty
Package: keyval 2022/05/29 v1.15 key=value parser (DPC)
\KV@toks@=\toks17
)
(c:/texlive/2025/texmf-dist/tex/latex/graphics/graphics.sty
Package: graphics 2024/08/06 v1.4g Standard LaTeX Graphics (DPC,SPQR)

(c:/texlive/2025/texmf-dist/tex/latex/graphics/trig.sty
Package: trig 2023/12/02 v1.11 sin cos tan (DPC)
)
(c:/texlive/2025/texmf-dist/tex/latex/graphics-cfg/graphics.cfg
File: graphics.cfg 2016/06/04 v1.11 sample graphics configuration
)
Package graphics Info: Driver file: xetex.def on input line 106.

(c:/texlive/2025/texmf-dist/tex/latex/graphics-def/xetex.def
File: xetex.def 2025/11/01 v5.0p Graphics/color driver for xetex
))
\Gin@req@height=\dimen152
\Gin@req@width=\dimen153
)
(c:/texlive/2025/texmf-dist/tex/latex/hyperref/hyperref.sty
Package: hyperref 2026-01-29 v7.01p Hypertext links for LaTeX

(c:/texlive/2025/texmf-dist/tex/generic/iftex/iftex.sty
Package: iftex 2024/12/12 v1.0g TeX engine tests
)
(c:/texlive/2025/texmf-dist/tex/latex/kvsetkeys/kvsetkeys.sty
Package: kvsetkeys 2022-10-05 v1.19 Key value parser (HO)
)
(c:/texlive/2025/texmf-dist/tex/generic/kvdefinekeys/kvdefinekeys.sty
Package: kvdefinekeys 2019-12-19 v1.6 Define keys (HO)
)
(c:/texlive/2025/texmf-dist/tex/generic/pdfescape/pdfescape.sty
Package: pdfescape 2019/12/09 v1.15 Implements pdfTeX's escape features (HO)

(c:/texlive/2025/texmf-dist/tex/generic/ltxcmds/ltxcmds.sty
Package: ltxcmds 2023-12-04 v1.26 LaTeX kernel commands for general use (HO)
)
(c:/texlive/2025/texmf-dist/tex/generic/pdftexcmds/pdftexcmds.sty
Package: pdftexcmds 2020-06-27 v0.33 Utility functions of pdfTeX for LuaTeX (HO
)

(c:/texlive/2025/texmf-dist/tex/generic/infwarerr/infwarerr.sty
Package: infwarerr 2019/12/03 v1.5 Providing info/warning/error messages (HO)
)
Package pdftexcmds Info: \pdf@primitive is available.
Package pdftexcmds Info: \pdf@ifprimitive is available.
Package pdftexcmds Info: \pdfdraftmode not found.
))
(c:/texlive/2025/texmf-dist/tex/latex/hycolor/hycolor.sty
Package: hycolor 2020-01-27 v1.10 Color options for hyperref/bookmark (HO)
)
(c:/texlive/2025/texmf-dist/tex/latex/hyperref/nameref.sty
Package: nameref 2026-01-29 v2.58 Cross-referencing by name of section

(c:/texlive/2025/texmf-dist/tex/latex/refcount/refcount.sty
Package: refcount 2019/12/15 v3.6 Data extraction from label references (HO)
)
(c:/texlive/2025/texmf-dist/tex/generic/gettitlestring/gettitlestring.sty
Package: gettitlestring 2019/12/15 v1.6 Cleanup title references (HO)

(c:/texlive/2025/texmf-dist/tex/latex/kvoptions/kvoptions.sty
Package: kvoptions 2022-06-15 v3.15 Key value format for package options (HO)
))
\c@section@level=\count298
)
(c:/texlive/2025/texmf-dist/tex/latex/etoolbox/etoolbox.sty
Package: etoolbox 2025/10/02 v2.5m e-TeX tools for LaTeX (JAW)
\etb@tempcnta=\count299
)
(c:/texlive/2025/texmf-dist/tex/generic/stringenc/stringenc.sty
Package: stringenc 2019/11/29 v1.12 Convert strings between diff. encodings (HO
)
)
\@linkdim=\dimen154
\Hy@linkcounter=\count300
\Hy@pagecounter=\count301

(c:/texlive/2025/texmf-dist/tex/latex/hyperref/pd1enc.def
File: pd1enc.def 2026-01-29 v7.01p Hyperref: PDFDocEncoding definition (HO)
)
(c:/texlive/2025/texmf-dist/tex/generic/intcalc/intcalc.sty
Package: intcalc 2019/12/15 v1.3 Expandable calculations with integers (HO)
)
\Hy@SavedSpaceFactor=\count302

(c:/texlive/2025/texmf-dist/tex/latex/hyperref/puenc.def
File: puenc.def 2026-01-29 v7.01p Hyperref: PDF Unicode definition (HO)
)
Package hyperref Info: Option `unicode' set `true' on input line 3166.
Package hyperref Info: Hyper figures OFF on input line 4201.
Package hyperref Info: Link nesting OFF on input line 4206.
Package hyperref Info: Hyper index ON on input line 4209.
Package hyperref Info: Plain pages OFF on input line 4216.
Package hyperref Info: Backreferencing OFF on input line 4221.
Package hyperref Info: Implicit mode ON; LaTeX internals redefined.
Package hyperref Info: Bookmarks ON on input line 4468.
\c@Hy@tempcnt=\count303

(c:/texlive/2025/texmf-dist/tex/latex/url/url.sty
\Urlmuskip=\muskip17
Package: url 2013/09/16  ver 3.4  Verb mode for urls, etc.
)
LaTeX Info: Redefining \url on input line 4807.
\XeTeXLinkMargin=\dimen155

(c:/texlive/2025/texmf-dist/tex/generic/bitset/bitset.sty
Package: bitset 2019/12/09 v1.3 Handle bit-vector datatype (HO)

(c:/texlive/2025/texmf-dist/tex/generic/bigintcalc/bigintcalc.sty
Package: bigintcalc 2019/12/15 v1.5 Expandable calculations on big integers (HO
)
))
\Fld@menulength=\count304
\Field@Width=\dimen156
\Fld@charsize=\dimen157
Package hyperref Info: Hyper figures OFF on input line 6084.
Package hyperref Info: Link nesting OFF on input line 6089.
Package hyperref Info: Hyper index ON on input line 6092.
Package hyperref Info: backreferencing OFF on input line 6099.
Package hyperref Info: Link coloring OFF on input line 6104.
Package hyperref Info: Link coloring with OCG OFF on input line 6109.
Package hyperref Info: PDF/A mode OFF on input line 6114.
\Hy@abspage=\count305
\c@Item=\count306
\c@Hfootnote=\count307
)
Package hyperref Info: Driver (autodetected): hxetex.

(c:/texlive/2025/texmf-dist/tex/latex/hyperref/hxetex.def
File: hxetex.def 2026-01-29 v7.01p Hyperref driver for XeTeX
\pdfm@box=\box54
\c@Hy@AnnotLevel=\count308
\HyField@AnnotCount=\count309
\Fld@listcount=\count310
\c@bookmark@seq@number=\count311

(c:/texlive/2025/texmf-dist/tex/latex/rerunfilecheck/rerunfilecheck.sty
Package: rerunfilecheck 2025-06-21 v1.11 Rerun checks for auxiliary files (HO)

(c:/texlive/2025/texmf-dist/tex/generic/uniquecounter/uniquecounter.sty
Package: uniquecounter 2019/12/15 v1.4 Provide unlimited unique counter (HO)
)
Package uniquecounter Info: New unique counter `rerunfilecheck' on input line 2
84.
)
\Hy@SectionHShift=\skip57
)
(c:/texlive/2025/texmf-dist/tex/latex/float/float.sty
Package: float 2001/11/08 v1.3d Float enhancements (AL)
\c@float@type=\count312
\float@exts=\toks18
\float@box=\box55
\@float@everytoks=\toks19
\@floatcapt=\box56
)
(c:/texlive/2025/texmf-dist/tex/latex/pdflscape/pdflscape.sty
Package: pdflscape 2025-06-23 v0.14 Display of landscape pages in PDF

(c:/texlive/2025/texmf-dist/tex/latex/pdflscape/pdflscape-nometadata.sty
Package: pdflscape-nometadata 2025-06-23 v0.14 Display of landscape pages in PD
F (HO)

(c:/texlive/2025/texmf-dist/tex/latex/graphics/lscape.sty
Package: lscape 2020/05/28 v3.02 Landscape Pages (DPC)
)
Package pdflscape Info: Auto-detected driver: dvipdfm (xetex) on input line 98.

))
(c:/texlive/2025/texmf-dist/tex/latex/xltabular/xltabular.sty
Package: xltabular 2025/02/28 v0.2i `xltabular' package (hv,RN)

(c:/texlive/2025/texmf-dist/tex/latex/tools/tabularx.sty
Package: tabularx 2023/12/11 v2.12a `tabularx' package (DPC)

(c:/texlive/2025/texmf-dist/tex/latex/tools/array.sty
Package: array 2025/09/25 v2.6n Tabular extension package (FMi)
\col@sep=\dimen158
\ar@mcellbox=\box57
\extrarowheight=\dimen159
\NC@list=\toks20
\extratabsurround=\skip58
\backup@length=\skip59
\ar@cellbox=\box58
)
\TX@col@width=\dimen160
\TX@old@table=\dimen161
\TX@old@col=\dimen162
\TX@target=\dimen163
\TX@delta=\dimen164
\TX@cols=\count313
\TX@ftn=\toks21
)
(c:/texlive/2025/texmf-dist/tex/latex/ltablex/ltablex.sty
Package: ltablex 2014/08/13 v1.1 Modified tabularx

(c:/texlive/2025/texmf-dist/tex/latex/tools/longtable.sty
Package: longtable 2025-10-13 v4.24 Multi-page Table package (DPC)
\LTleft=\skip60
\LTright=\skip61
\LTpre=\skip62
\LTpost=\skip63
\LTchunksize=\count314
\LTcapwidth=\dimen165
\LT@head=\box59
\LT@firsthead=\box60
\LT@foot=\box61
\LT@lastfoot=\box62
\LT@gbox=\box63
\LT@cols=\count315
\LT@rows=\count316
\c@LT@tables=\count317
\c@LT@chunks=\count318
\LT@p@ftn=\toks22
)))
(c:/texlive/2025/texmf-dist/tex/latex/makecell/makecell.sty
Package: makecell 2009/08/03 V0.1e Managing of Tab Column Heads and Cells
\rotheadsize=\dimen166
\c@nlinenum=\count319
\TeXr@lab=\toks23
)
(c:/texlive/2025/texmf-dist/tex/latex/setspace/setspace.sty
Package: setspace 2022/12/04 v6.7b set line spacing
)

Package array Warning: Redefining primitive column r on input line 17.

(c:/texlive/2025/texmf-dist/tex/latex/caption/caption.sty
Package: caption 2023/08/05 v3.6o Customizing captions (AR)

(c:/texlive/2025/texmf-dist/tex/latex/caption/caption3.sty
Package: caption3 2023/07/31 v2.4d caption3 kernel (AR)
\caption@tempdima=\dimen167
\captionmargin=\dimen168
\caption@leftmargin=\dimen169
\caption@rightmargin=\dimen170
\caption@width=\dimen171
\caption@indent=\dimen172
\caption@parindent=\dimen173
\caption@hangindent=\dimen174
Package caption Info: Unknown document class (or package),
(caption)             standard defaults will be used.
Package caption Info: \@makecaption = \long macro:#1#2->\vskip \abovecaptionski
p \sbox \@tempboxa {#1 -- #2}\ifdim \wd \@tempboxa >\hsize #1 -- #2\par \else \
global \@minipagefalse \if \instring {Таб}{#1} \hb@xt@ \hsize {\box \@tempboxa 
\hfil }\else \hb@xt@ \hsize {\hfil \box \@tempboxa \hfil }\fi \fi \vskip \below
captionskip  on input line 1175.
)

Package caption Warning: Unknown document class (or package),
(caption)                standard defaults will be used.
See the caption package documentation for explanation.

\c@caption@flags=\count320
\c@continuedfloat=\count321
Package caption Info: float package is loaded.
Package caption Info: hyperref package is loaded.
Package caption Info: longtable package is loaded.
(c:/texlive/2025/texmf-dist/tex/latex/caption/ltcaption.sty
Package: ltcaption 2021/01/08 v1.4c longtable captions (AR)
))
(c:/texlive/2025/texmf-dist/tex/latex/enumitem/enumitem.sty
Package: enumitem 2025/02/06 v3.11 Customized lists
\labelindent=\skip64
\enit@outerparindent=\dimen175
\enit@toks=\toks24
\enit@inbox=\box64
\enit@count@id=\count322
\enitdp@description=\count323
)
(c:/texlive/2025/texmf-dist/tex/latex/graphics/color.sty
Package: color 2025/01/14 v1.3e Standard LaTeX Color (DPC)

(c:/texlive/2025/texmf-dist/tex/latex/graphics-cfg/color.cfg
File: color.cfg 2016/01/02 v1.6 sample color configuration
)
Package color Info: Driver file: xetex.def on input line 149.

(c:/texlive/2025/texmf-dist/tex/latex/graphics/mathcolor.ltx))
(c:/texlive/2025/texmf-dist/tex/latex/listings/listings.sty
\lst@mode=\count324
\lst@gtempboxa=\box65
\lst@token=\toks25
\lst@length=\count325
\lst@currlwidth=\dimen176
\lst@column=\count326
\lst@pos=\count327
\lst@lostspace=\dimen177
\lst@width=\dimen178
\lst@newlines=\count328
\lst@lineno=\count329
\lst@maxwidth=\dimen179

(c:/texlive/2025/texmf-dist/tex/latex/listings/lstpatch.sty
File: lstpatch.sty 2025/11/14 1.11b (Carsten Heinz)
)
(c:/texlive/2025/texmf-dist/tex/latex/listings/lstmisc.sty
File: lstmisc.sty 2025/11/14 1.11b (Carsten Heinz)
\c@lstnumber=\count330
\lst@skipnumbers=\count331
\lst@framebox=\box66
)
(c:/texlive/2025/texmf-dist/tex/latex/listings/listings.cfg
File: listings.cfg 2025/11/14 1.11b listings configuration
))
Package: listings 2025/11/14 1.11b (Carsten Heinz)

==> First Aid for listings.sty no longer applied!
    Expected:
        2024/09/23 1.10c (Carsten Heinz)
    but found:
        2025/11/14 1.11b (Carsten Heinz)
    so I'm assuming it got fixed.

Package fontspec Info: 
(fontspec)             Verdana scale = 0.7.


Package fontspec Info: 
(fontspec)             Verdana scale = 0.7.


Package fontspec Info: 
(fontspec)             Verdana scale = 0.7.


Package fontspec Info: 
(fontspec)             Verdana/B scale = 0.7.


Package fontspec Info: 
(fontspec)             Verdana/B scale = 0.7.


Package fontspec Info: 
(fontspec)             Verdana/I scale = 0.7.


Package fontspec Info: 
(fontspec)             Verdana/I scale = 0.7.


Package fontspec Info: 
(fontspec)             Verdana/BI scale = 0.7.


Package fontspec Info: 
(fontspec)             Verdana/BI scale = 0.7.


Package fontspec Info: 
(fontspec)             Font family 'Verdana(0)' created for font 'Verdana'
(fontspec)             with options
(fontspec)             [WordSpace={1,0,0},HyphenChar=None,PunctuationSpace=Word
Space,Scale=0.7].
(fontspec)              
(fontspec)              This font family consists of the following NFSS
(fontspec)             series/shapes:
(fontspec)              
(fontspec)             - 'normal' (m/n) with NFSS spec.:
(fontspec)             <->s*[0.7]"Verdana/OT:script=latn;language=dflt;"
(fontspec)             - 'small caps'  (m/sc) with NFSS spec.:
(fontspec)             <->s*[0.7]"Verdana/OT:script=latn;language=dflt;+smcp;"
(fontspec)             and font adjustment code:
(fontspec)             \fontdimen 2\font =1\fontdimen 2\font \fontdimen 3\font
(fontspec)             =0\fontdimen 3\font \fontdimen 4\font =0\fontdimen
(fontspec)             4\font \fontdimen 7\font =0\fontdimen 2\font
(fontspec)             \tex_hyphenchar:D \font =-1\scan_stop: 
(fontspec)             - 'bold' (b/n) with NFSS spec.:
(fontspec)             <->s*[0.7]"Verdana/B/OT:script=latn;language=dflt;"
(fontspec)             - 'bold small caps'  (b/sc) with NFSS spec.:
(fontspec)             <->s*[0.7]"Verdana/B/OT:script=latn;language=dflt;+smcp;
"
(fontspec)             and font adjustment code:
(fontspec)             \fontdimen 2\font =1\fontdimen 2\font \fontdimen 3\font
(fontspec)             =0\fontdimen 3\font \fontdimen 4\font =0\fontdimen
(fontspec)             4\font \fontdimen 7\font =0\fontdimen 2\font
(fontspec)             \tex_hyphenchar:D \font =-1\scan_stop: 
(fontspec)             - 'italic' (m/it) with NFSS spec.:
(fontspec)             <->s*[0.7]"Verdana/I/OT:script=latn;language=dflt;"
(fontspec)             - 'italic small caps'  (m/scit) with NFSS spec.:
(fontspec)             <->s*[0.7]"Verdana/I/OT:script=latn;language=dflt;+smcp;
"
(fontspec)             and font adjustment code:
(fontspec)             \fontdimen 2\font =1\fontdimen 2\font \fontdimen 3\font
(fontspec)             =0\fontdimen 3\font \fontdimen 4\font =0\fontdimen
(fontspec)             4\font \fontdimen 7\font =0\fontdimen 2\font
(fontspec)             \tex_hyphenchar:D \font =-1\scan_stop: 
(fontspec)             - 'bold italic' (b/it) with NFSS spec.:
(fontspec)             <->s*[0.7]"Verdana/BI/OT:script=latn;language=dflt;"
(fontspec)             - 'bold italic small caps'  (b/scit) with NFSS spec.:
(fontspec)             <->s*[0.7]"Verdana/BI/OT:script=latn;language=dflt;+smcp
;"
(fontspec)             and font adjustment code:
(fontspec)             \fontdimen 2\font =1\fontdimen 2\font \fontdimen 3\font
(fontspec)             =0\fontdimen 3\font \fontdimen 4\font =0\fontdimen
(fontspec)             4\font \fontdimen 7\font =0\fontdimen 2\font
(fontspec)             \tex_hyphenchar:D \font =-1\scan_stop: 

(c:/texlive/2025/texmf-dist/tex/latex/listings/lstlang1.sty
File: lstlang1.sty 2025/11/14 1.11b listings language file
)
(c:/texlive/2025/texmf-dist/tex/latex/listings/lstmisc.sty
File: lstmisc.sty 2025/11/14 1.11b (Carsten Heinz)
)) (./main.aux
Package babel Info: 'russian' activates 'russian' shorthands.
(babel)             Reported on input line 8.


LaTeX Warning: Label `' multiply defined.


LaTeX Warning: Label `' multiply defined.


LaTeX Warning: Label `' multiply defined.


LaTeX Warning: Label `' multiply defined.


LaTeX Warning: Label `' multiply defined.


LaTeX Warning: Label `' multiply defined.


LaTeX Warning: Label `' multiply defined.


LaTeX Warning: Label `' multiply defined.


LaTeX Warning: Label `' multiply defined.


LaTeX Warning: Label `' multiply defined.


LaTeX Warning: Label `' multiply defined.

)
\openout1 = `main.aux'.

LaTeX Font Info:    Checking defaults for OML/cmm/m/it on input line 31.
LaTeX Font Info:    ... okay on input line 31.
LaTeX Font Info:    Checking defaults for OMS/cmsy/m/n on input line 31.
LaTeX Font Info:    ... okay on input line 31.
LaTeX Font Info:    Checking defaults for OT1/cmr/m/n on input line 31.
LaTeX Font Info:    ... okay on input line 31.
LaTeX Font Info:    Checking defaults for T1/cmr/m/n on input line 31.
LaTeX Font Info:    ... okay on input line 31.
LaTeX Font Info:    Checking defaults for TS1/cmr/m/n on input line 31.
LaTeX Font Info:    ... okay on input line 31.
LaTeX Font Info:    Checking defaults for TU/lmr/m/n on input line 31.
LaTeX Font Info:    ... okay on input line 31.
LaTeX Font Info:    Checking defaults for OMX/cmex/m/n on input line 31.
LaTeX Font Info:    ... okay on input line 31.
LaTeX Font Info:    Checking defaults for U/cmr/m/n on input line 31.
LaTeX Font Info:    ... okay on input line 31.
LaTeX Font Info:    Checking defaults for PD1/pdf/m/n on input line 31.
LaTeX Font Info:    ... okay on input line 31.
LaTeX Font Info:    Checking defaults for PU/pdf/m/n on input line 31.
LaTeX Font Info:    ... okay on input line 31.

Package fontspec Info: 
(fontspec)             Adjusting the maths setup (use [no-math] to avoid
(fontspec)             this).

\symlegacymaths=\mathgroup4
LaTeX Font Info:    Overwriting symbol font `legacymaths' in version `bold'
(Font)                  OT1/cmr/m/n --> OT1/cmr/bx/n on input line 31.
LaTeX Font Info:    Redeclaring math accent \acute on input line 31.
LaTeX Font Info:    Redeclaring math accent \grave on input line 31.
LaTeX Font Info:    Redeclaring math accent \ddot on input line 31.
LaTeX Font Info:    Redeclaring math accent \tilde on input line 31.
LaTeX Font Info:    Redeclaring math accent \bar on input line 31.
LaTeX Font Info:    Redeclaring math accent \breve on input line 31.
LaTeX Font Info:    Redeclaring math accent \check on input line 31.
LaTeX Font Info:    Redeclaring math accent \hat on input line 31.
LaTeX Font Info:    Redeclaring math accent \dot on input line 31.
LaTeX Font Info:    Redeclaring math accent \mathring on input line 31.
LaTeX Font Info:    Redeclaring math symbol \colon on input line 31.
LaTeX Font Info:    Redeclaring math symbol \Gamma on input line 31.
LaTeX Font Info:    Redeclaring math symbol \Delta on input line 31.
LaTeX Font Info:    Redeclaring math symbol \Theta on input line 31.
LaTeX Font Info:    Redeclaring math symbol \Lambda on input line 31.
LaTeX Font Info:    Redeclaring math symbol \Xi on input line 31.
LaTeX Font Info:    Redeclaring math symbol \Pi on input line 31.
LaTeX Font Info:    Redeclaring math symbol \Sigma on input line 31.
LaTeX Font Info:    Redeclaring math symbol \Upsilon on input line 31.
LaTeX Font Info:    Redeclaring math symbol \Phi on input line 31.
LaTeX Font Info:    Redeclaring math symbol \Psi on input line 31.
LaTeX Font Info:    Redeclaring math symbol \Omega on input line 31.
LaTeX Font Info:    Redeclaring math symbol \mathdollar on input line 31.
LaTeX Font Info:    Redeclaring symbol font `operators' on input line 31.
LaTeX Font Info:    Encoding `OT1' has changed to `TU' for symbol font
(Font)              `operators' in the math version `normal' on input line 31.
LaTeX Font Info:    Overwriting symbol font `operators' in version `normal'
(Font)                  OT1/cmr/m/n --> TU/TimesNewRoman(0)/m/n on input line 3
1.
LaTeX Font Info:    Encoding `OT1' has changed to `TU' for symbol font
(Font)              `operators' in the math version `bold' on input line 31.
LaTeX Font Info:    Overwriting symbol font `operators' in version `bold'
(Font)                  OT1/cmr/bx/n --> TU/TimesNewRoman(0)/m/n on input line 
31.
LaTeX Font Info:    Overwriting symbol font `operators' in version `normal'
(Font)                  TU/TimesNewRoman(0)/m/n --> TU/TimesNewRoman(0)/m/n on 
input line 31.
LaTeX Font Info:    Overwriting math alphabet `\mathit' in version `normal'
(Font)                  OT1/cmr/m/it --> TU/TimesNewRoman(0)/m/it on input line
 31.
LaTeX Font Info:    Overwriting math alphabet `\mathbf' in version `normal'
(Font)                  OT1/cmr/bx/n --> TU/TimesNewRoman(0)/b/n on input line 
31.
LaTeX Font Info:    Overwriting math alphabet `\mathsf' in version `normal'
(Font)                  OT1/cmss/m/n --> TU/lmss/m/n on input line 31.
LaTeX Font Info:    Overwriting math alphabet `\mathtt' in version `normal'
(Font)                  OT1/cmtt/m/n --> TU/Verdana(0)/m/n on input line 31.
LaTeX Font Info:    Overwriting symbol font `operators' in version `bold'
(Font)                  TU/TimesNewRoman(0)/m/n --> TU/TimesNewRoman(0)/b/n on 
input line 31.
LaTeX Font Info:    Overwriting math alphabet `\mathit' in version `bold'
(Font)                  OT1/cmr/bx/it --> TU/TimesNewRoman(0)/b/it on input lin
e 31.
LaTeX Font Info:    Overwriting math alphabet `\mathsf' in version `bold'
(Font)                  OT1/cmss/bx/n --> TU/lmss/b/n on input line 31.
LaTeX Font Info:    Overwriting math alphabet `\mathtt' in version `bold'
(Font)                  OT1/cmtt/m/n --> TU/Verdana(0)/b/n on input line 31.
LaTeX Info: Redefining \th on input line 31.
Package hyperref Info: Link coloring OFF on input line 31.
 (./main.out) (./main.out)
\@outlinefile=\write3
\openout3 = `main.out'.

Package caption Info: Begin \AtBeginDocument code.
Package caption Info: listings package is loaded.
Package caption Info: End \AtBeginDocument code.
\c@lstlisting=\count332
LaTeX Font Info:    External font `cmex10' loaded for size
(Font)              <14.4> on input line 33.
LaTeX Font Info:    External font `cmex10' loaded for size
(Font)              <7> on input line 33.

Overfull \hbox (4.70218pt too wide) in paragraph at lines 33--33
[] 
 []


Overfull \hbox (4.70218pt too wide) in paragraph at lines 33--33
[]
 []


Underfull \hbox (badness 10000) in paragraph at lines 33--33

 []

[1] (./ЛистЗадания.tex
Underfull \hbox (badness 1755) in paragraph at lines 55--56
[]\TU/TimesNewRoman(0)/m/n/14.4 разработать концептуальную модель интеллектуаль
ной системы
 []

[2]
Underfull \hbox (badness 3323) in paragraph at lines 73--74
[]\TU/TimesNewRoman(0)/m/n/14.4 Сводные отчёты сравнения методов – показатели о
поздания,
 []

[3] (./main.lop)
\tf@lop=\write4
\openout4 = `main.lop'.


Overfull \hbox (4.70218pt too wide) in paragraph at lines 92--103
[][]
 []


Underfull \hbox (badness 10000) in paragraph at lines 92--103

 []

) (./Реферат.tex [4]
\c=\count333
\last=\count334
\pnul=\count335
\c=\count336
\last=\count337
\pnul=\count338
\c=\count339
\last=\count340
\pnul=\count341
\c=\count342
\last=\count343
\pnul=\count344

Underfull \hbox (badness 1320) in paragraph at lines 15--16
[]\TU/TimesNewRoman(0)/m/n/14.4 При создании программного продукта использовала
сь двухзвенная
 []

[5] [6]
\c=\count345
\last=\count346
\pnul=\count347
\c=\count348
\last=\count349
\pnul=\count350
\c=\count351
\last=\count352
\pnul=\count353
\c=\count354
\last=\count355
\pnul=\count356
) [7] (./main.toc [8] [9])
\tf@toc=\write5
\openout5 = `main.toc'.

 (./main.lpc)
\tf@lpc=\write6
\openout6 = `main.lpc'.

 (./Обозначения.tex
Underfull \hbox (badness 3078) in paragraph at lines 1--1
\TU/TimesNewRoman(0)/m/n/14.4 Интерфейс приложения (Графический материал / Инте
рфейс приложе-
 []


Underfull \hbox (badness 10000) in paragraph at lines 1--1

 []

[10]) (./Введение.tex [11]
\c=\count357
\last=\count358
\pnul=\count359
 [12]) (./Анализ.tex [13] [14] [15] [16] [17]
[18]

LaTeX Warning: Reference `software_compare:table' on page 19 undefined on input
 line 64.


LaTeX Warning: Reference `software_compare:table' on page 19 undefined on input
 line 81.


Overfull \hbox (41.82944pt too wide) in paragraph at lines 81--81
[]|\TU/TimesNewRoman(0)/m/n/14.4 Генетический
 []


Underfull \hbox (badness 10000) in paragraph at lines 81--81
\TU/TimesNewRoman(0)/m/n/14.4 алго-
 []


Underfull \hbox (badness 10000) in paragraph at lines 81--81
\TU/TimesNewRoman(0)/m/n/14.4 эври-
 []


Underfull \hbox (badness 10000) in paragraph at lines 81--81
[]|\TU/TimesNewRoman(0)/m/n/14.4 ERP/MES
 []


Underfull \hbox (badness 10000) in paragraph at lines 81--81
[]|\TU/TimesNewRoman(0)/m/n/14.4 Высокая стоимость,
 []


Overfull \hbox (23.62553pt too wide) in paragraph at lines 81--81
[]|\TU/TimesNewRoman(0)/m/n/14.4 Эвристики
 []


Underfull \hbox (badness 10000) in paragraph at lines 81--81
\TU/TimesNewRoman(0)/m/n/14.4 с на-
 []


Underfull \hbox (badness 10000) in paragraph at lines 81--81
\TU/TimesNewRoman(0)/m/n/14.4 стра-
 []


Underfull \hbox (badness 10000) in paragraph at lines 81--81
\TU/TimesNewRoman(0)/m/n/14.4 ивае-
 []


Underfull \hbox (badness 10000) in paragraph at lines 81--81
\TU/TimesNewRoman(0)/m/n/14.4 мыми
 []


Underfull \hbox (badness 10000) in paragraph at lines 81--81
\TU/TimesNewRoman(0)/m/n/14.4 прави-
 []


Underfull \hbox (badness 10000) in paragraph at lines 81--81
[]|\TU/TimesNewRoman(0)/m/n/14.4 Различные
 []


Overfull \hbox (27.8232pt too wide) in paragraph at lines 81--81
[]|\TU/TimesNewRoman(0)/m/n/14.4 Дискретно-
 []


Overfull \hbox (31.09273pt too wide) in paragraph at lines 81--81
\TU/TimesNewRoman(0)/m/n/14.4 событийное
 []


Underfull \hbox (badness 10000) in paragraph at lines 81--81
\TU/TimesNewRoman(0)/m/n/14.4 моде-
 []


Underfull \hbox (badness 10000) in paragraph at lines 81--81
\TU/TimesNewRoman(0)/m/n/14.4 лиро-
 []


Underfull \hbox (badness 10000) in paragraph at lines 81--81
[]|\TU/TimesNewRoman(0)/m/n/14.4 Собственное
 []


Underfull \hbox (badness 10000) in paragraph at lines 81--81
[]|\TU/TimesNewRoman(0)/m/n/14.4 Гибкое моделирова-
 []


Overfull \hbox (9.39429pt too wide) in paragraph at lines 81--81
[]|\TU/TimesNewRoman(0)/m/n/14.4 Правила
 []


Underfull \hbox (badness 10000) in paragraph at lines 81--81
\TU/TimesNewRoman(0)/m/n/14.4 при-
 []


Underfull \hbox (badness 10000) in paragraph at lines 81--81
\TU/TimesNewRoman(0)/m/n/14.4 ори-
 []


Underfull \hbox (badness 10000) in paragraph at lines 81--81
\TU/TimesNewRoman(0)/m/n/14.4 тетов,
 []


Underfull \hbox (badness 10000) in paragraph at lines 81--81
\TU/TimesNewRoman(0)/m/n/14.4 MRP
 []


Underfull \hbox (badness 10000) in paragraph at lines 81--81
[]|\TU/TimesNewRoman(0)/m/n/14.4 Внутренняя
 []


Underfull \hbox (badness 10000) in paragraph at lines 81--81
\TU/TimesNewRoman(0)/m/n/14.4 экосистема
 []

ignored error: Infinite glue shrinkage found in box being split [19]
Underfull \hbox (badness 10000) in paragraph at lines 84--84
[]\TU/TimesNewRoman(0)/b/n/14.4 1.3.5 Сравнение централизованной и децентрализо
ванной
 []

[20] [21]

LaTeX Warning: Reference `learning_compare:table' on page 22 undefined on input
 line 118.


Overfull \hbox (29.29976pt too wide) in paragraph at lines 136--136
 \TU/TimesNewRoman(0)/m/n/14.4 (PointerNet)| 
 []


Overfull \hbox (7.67195pt too wide) in paragraph at lines 136--136
 \TU/TimesNewRoman(0)/m/n/14.4 (Self‑Labeling)| 
 []


LaTeX Warning: Reference `software_compare:table' on page 22 undefined on input
 line 136.


Underfull \hbox (badness 10000) in paragraph at lines 136--136
[]|\TU/TimesNewRoman(0)/m/n/14.4 Требует размеченные
 []


Underfull \hbox (badness 10000) in paragraph at lines 136--136
[]|\TU/TimesNewRoman(0)/m/n/14.4 Да (началь-
 []


Underfull \hbox (badness 3579) in paragraph at lines 136--136
[]|\TU/TimesNewRoman(0)/m/n/14.4 Способность к обобще-
 []


Overfull \hbox (8.6068pt too wide) in paragraph at lines 136--136
[]|\TU/TimesNewRoman(0)/m/n/14.4 Средняя| 
 []


Overfull \hbox (1.14664pt too wide) in paragraph at lines 136--136
[]|\TU/TimesNewRoman(0)/m/n/14.4 Низкое| 
 []


Overfull \hbox (12.28413pt too wide) in paragraph at lines 136--136
[]|\TU/TimesNewRoman(0)/m/n/14.4 Хорошее| 
 []


Underfull \hbox (badness 1881) in paragraph at lines 136--136
[]|\TU/TimesNewRoman(0)/m/n/14.4 Устойчивость к шуму в
 []


Overfull \hbox (0.90758pt too wide) in paragraph at lines 136--136
[]|\TU/TimesNewRoman(0)/m/n/14.4 Низкая| 
 []

[22]
Underfull \hbox (badness 10000) in paragraph at lines 139--139
[]\TU/TimesNewRoman(0)/b/n/14.4 1.5 Целесообразность внедрения интеллектуальной

 []


LaTeX Warning: Reference `before_after:table' on page 23 undefined on input lin
e 150.


Overfull \hbox (22.09273pt too wide) in paragraph at lines 168--168
 []|\TU/TimesNewRoman(0)/m/n/14.4 Эвристика| 
 []


LaTeX Warning: Reference `software_compare:table' on page 23 undefined on input
 line 168.


Underfull \hbox (badness 10000) in paragraph at lines 168--168
[]|\TU/TimesNewRoman(0)/m/n/14.4 Максимальное опозда-
 []


Underfull \hbox (badness 1838) in paragraph at lines 168--168
[]|\TU/TimesNewRoman(0)/m/n/14.4 Доля опаздывающих за-
 []

[23] [24]

LaTeX Warning: Reference `potoki:image' on page 25 undefined on input line 200.


File: images/potoki.png Graphic file (type bmp)
<images/potoki.png>
[25]) (./ТехЗадание.tex [26] [27]
File: images/shablon.png Graphic file (type bmp)
<images/shablon.png>
File: images/shablon2.png Graphic file (type bmp)
<images/shablon2.png>
 [28]
Underfull \hbox (badness 1748) in paragraph at lines 56--57
[]\TU/TimesNewRoman(0)/m/n/14.4 Диаграмма вариантов использования описывает фун
кциональность
 []

[29]
File: images/actorusing.png Graphic file (type bmp)
<images/actorusing.png>
) (./ТехПроект.tex [30] [31]
Underfull \hbox (badness 10000) in paragraph at lines 12--12
[]\TU/TimesNewRoman(0)/b/n/14.4 3.2.1 Описание используемых технологий и языков

 []

[32] [33]
Underfull \hbox (badness 2961) in paragraph at lines 37--38
[]\TU/TimesNewRoman(0)/m/n/14.4 NumPy. Фундаментальная библиотека для научных р
асчетов в
 []


Underfull \hbox (badness 1867) in paragraph at lines 40--41
[]\TU/TimesNewRoman(0)/m/n/14.4 Pandas. Библиотека для анализа и манипуляции да
нными. Она
 []

[34]
File: images/archNC.png Graphic file (type bmp)
<images/archNC.png>

Underfull \hbox (badness 1635) in paragraph at lines 61--62
[]\TU/TimesNewRoman(0)/m/n/14.4 Функция Input определяет входной слой с размеро
м изображения
 []

[35]
LaTeX Font Info:    Calculating math sizes for size <17> on input line 96.


LaTeX Font Warning: Font shape `OML/cmm/m/it' in size <8.5> not available
(Font)              size <8> substituted on input line 96.


LaTeX Font Warning: Font shape `OMS/cmsy/m/n' in size <8.5> not available
(Font)              size <8> substituted on input line 96.

LaTeX Font Info:    External font `cmex10' loaded for size
(Font)              <17> on input line 96.
LaTeX Font Info:    External font `cmex10' loaded for size
(Font)              <11.89995> on input line 96.
LaTeX Font Info:    External font `cmex10' loaded for size
(Font)              <8.5> on input line 96.

LaTeX Font Warning: Font shape `OT1/cmr/m/n' in size <8.5> not available
(Font)              size <8> substituted on input line 96.

LaTeX Font Info:    Calculating math sizes for size <> on input line 96.

LaTeX Font Warning: Font shape `OML/cmm/m/it' in size <> not available
(Font)              size <5> substituted on input line 96.


LaTeX Font Warning: Font shape `OML/cmm/m/it' in size <0.7> not available
(Font)              size <5> substituted on input line 96.


LaTeX Font Warning: Font shape `OML/cmm/m/it' in size <0.5> not available
(Font)              size <5> substituted on input line 96.


LaTeX Font Warning: Font shape `OMS/cmsy/m/n' in size <> not available
(Font)              size <5> substituted on input line 96.


LaTeX Font Warning: Font shape `OMS/cmsy/m/n' in size <0.7> not available
(Font)              size <5> substituted on input line 96.


LaTeX Font Warning: Font shape `OMS/cmsy/m/n' in size <0.5> not available
(Font)              size <5> substituted on input line 96.

LaTeX Font Info:    External font `cmex10' loaded for size
(Font)              <> on input line 96.
LaTeX Font Info:    External font `cmex10' loaded for size
(Font)              <0.7> on input line 96.
LaTeX Font Info:    External font `cmex10' loaded for size
(Font)              <0.5> on input line 96.

LaTeX Font Warning: Font shape `OT1/cmr/m/n' in size <> not available
(Font)              size <5> substituted on input line 96.


LaTeX Font Warning: Font shape `OT1/cmr/m/n' in size <0.7> not available
(Font)              size <5> substituted on input line 96.


LaTeX Font Warning: Font shape `OT1/cmr/m/n' in size <0.5> not available
(Font)              size <5> substituted on input line 96.

File: images/relu.png Graphic file (type bmp)
<images/relu.png>
[36]
File: images/iou.png Graphic file (type bmp)
<images/iou.png>
 [37]
! Undefined control sequence.
<argument> \text 
                 {площадь пересечения}
l.123 ...пересечения}}{\text{площадь объединения}}
                                                  }
? r
OK, entering \nonstopmode...
! Undefined control sequence.
<argument> \text 
                 {площадь объединения}
l.123 ...пересечения}}{\text{площадь объединения}}
                                                  }
The control sequence at the end of the top line
of your error message was never \def'ed. If you have
misspelled it (e.g., `\hobx'), type `I' and the correct
spelling (e.g., `I\hbox'). Otherwise just continue,
and I'll forget about whatever was undefined.

Missing character: There is no п ("43F) in font cmmi12!
Missing character: There is no л ("43B) in font cmmi12!
Missing character: There is no о ("43E) in font cmmi12!
Missing character: There is no щ ("449) in font cmmi12!
Missing character: There is no а ("430) in font cmmi12!
Missing character: There is no д ("434) in font cmmi12!
Missing character: There is no ь ("44C) in font cmmi12!
Missing character: There is no п ("43F) in font cmmi12!
Missing character: There is no е ("435) in font cmmi12!
Missing character: There is no р ("440) in font cmmi12!
Missing character: There is no е ("435) in font cmmi12!
Missing character: There is no с ("441) in font cmmi12!
Missing character: There is no е ("435) in font cmmi12!
Missing character: There is no ч ("447) in font cmmi12!
Missing character: There is no е ("435) in font cmmi12!
Missing character: There is no н ("43D) in font cmmi12!
Missing character: There is no и ("438) in font cmmi12!
Missing character: There is no я ("44F) in font cmmi12!
Missing character: There is no п ("43F) in font cmmi12!
Missing character: There is no л ("43B) in font cmmi12!
Missing character: There is no о ("43E) in font cmmi12!
Missing character: There is no щ ("449) in font cmmi12!
Missing character: There is no а ("430) in font cmmi12!
Missing character: There is no д ("434) in font cmmi12!
Missing character: There is no ь ("44C) in font cmmi12!
Missing character: There is no о ("43E) in font cmmi12!
Missing character: There is no б ("431) in font cmmi12!
Missing character: There is no ъ ("44A) in font cmmi12!
Missing character: There is no е ("435) in font cmmi12!
Missing character: There is no д ("434) in font cmmi12!
Missing character: There is no и ("438) in font cmmi12!
Missing character: There is no н ("43D) in font cmmi12!
Missing character: There is no е ("435) in font cmmi12!
Missing character: There is no н ("43D) in font cmmi12!
Missing character: There is no и ("438) in font cmmi12!
Missing character: There is no я ("44F) in font cmmi12!
[38] [39]
File: images/comp.png Graphic file (type bmp)
<images/comp.png>
 [40]
File: images/classdiag.png Graphic file (type bmp)
<images/classdiag.png>

Underfull \hbox (badness 10000) in paragraph at lines 199--200
[]\TU/TimesNewRoman(0)/m/n/14.4 Связь dataprocessing - creatingtfrecordclassifi
er. Класс
 []


Underfull \hbox (badness 3250) in paragraph at lines 199--200
\TU/TimesNewRoman(0)/m/n/14.4 такие как загрузка изображения и нормализация коо
рдинат изображе-
 []


Underfull \hbox (badness 1248) in paragraph at lines 199--200
\TU/TimesNewRoman(0)/m/n/14.4 ния. Для создания записи tfrecord необходимо созд
ать запись со всеми
 []


Underfull \hbox (badness 10000) in paragraph at lines 200--201
[]\TU/TimesNewRoman(0)/m/n/14.4 Связь dataprocessing - creatingtfrecordlocalize
r. Класс
 []


Underfull \hbox (badness 3250) in paragraph at lines 200--201
\TU/TimesNewRoman(0)/m/n/14.4 такие как загрузка изображения и нормализация коо
рдинат изображе-
 []


Underfull \hbox (badness 1248) in paragraph at lines 200--201
\TU/TimesNewRoman(0)/m/n/14.4 ния. Для создания записи tfrecord необходимо созд
ать запись со всеми
 []

[41] [42]
File: images/maketinterface.png Graphic file (type bmp)
<images/maketinterface.png>
) (./РабочийПроект.tex [43] [44]
Overfull \hbox (2.88367pt too wide) in paragraph at lines 43--43
[]|\TU/TimesNewRoman(0)/m/n/14.4 tf.keras.Model| 
 []


Underfull \hbox (badness 3792) in paragraph at lines 43--43
\TU/TimesNewRoman(0)/m/n/14.4 невой папке проекта
 []


Underfull \hbox (badness 1796) in paragraph at lines 43--43
\TU/TimesNewRoman(0)/m/n/14.4 и создается в классе
 []


Overfull \hbox (2.88367pt too wide) in paragraph at lines 43--43
[]|\TU/TimesNewRoman(0)/m/n/14.4 tf.keras.Model| 
 []


Underfull \hbox (badness 10000) in paragraph at lines 43--43
[]|\TU/TimesNewRoman(0)/m/n/14.4 Модель классифика-
 []


Underfull \hbox (badness 2351) in paragraph at lines 43--43
\TU/TimesNewRoman(0)/m/n/14.4 тора, загруженная из
 []


Underfull \hbox (badness 10000) in paragraph at lines 43--43
\TU/TimesNewRoman(0)/m/n/14.4 в корневой папке
 []


Underfull \hbox (badness 2698) in paragraph at lines 43--43
[]|\TU/TimesNewRoman(0)/m/n/14.4 Главное окно прило-
 []


Underfull \hbox (badness 2512) in paragraph at lines 43--43
\TU/TimesNewRoman(0)/m/n/14.4 жения. Окно настро-
 []


Underfull \hbox (badness 2932) in paragraph at lines 43--43
[]|\TU/TimesNewRoman(0)/m/n/14.4 Холст для отображе-
 []


Underfull \hbox (badness 2932) in paragraph at lines 43--43
[]|\TU/TimesNewRoman(0)/m/n/14.4 Холст для отображе-
 []


Underfull \hbox (badness 10000) in paragraph at lines 43--43
[]|\TU/TimesNewRoman(0)/m/n/14.4 Класс для перена-
 []


Underfull \hbox (badness 10000) in paragraph at lines 43--43
\TU/TimesNewRoman(0)/m/n/14.4 правления вывода
 []


Underfull \hbox (badness 7291) in paragraph at lines 43--43
\TU/TimesNewRoman(0)/m/n/14.4 консоли в текстовое
 []


Underfull \hbox (badness 3229) in paragraph at lines 43--43
\TU/TimesNewRoman(0)/m/n/14.4 функции sys.stdout =
 []


Overfull \hbox (4.75937pt too wide) in paragraph at lines 43--43
\TU/TimesNewRoman(0)/m/n/14.4 ConsoleRedirector(text).| 
 []


Underfull \hbox (badness 2932) in paragraph at lines 43--43
[]|\TU/TimesNewRoman(0)/m/n/14.4 Холст для отображе-
 []


Underfull \hbox (badness 10000) in paragraph at lines 43--43
[]|\TU/TimesNewRoman(0)/m/n/14.4 Функция для обна-
 []


Underfull \hbox (badness 1881) in paragraph at lines 43--43
\TU/TimesNewRoman(0)/m/n/14.4 ружения объектов на
 []


Underfull \hbox (badness 10000) in paragraph at lines 43--43
\TU/TimesNewRoman(0)/m/n/14.4 изображении с ис-
 []


Underfull \hbox (badness 1776) in paragraph at lines 43--43
\TU/TimesNewRoman(0)/m/n/14.4 пользованием модели
 []


Underfull \hbox (badness 10000) in paragraph at lines 43--43
\TU/TimesNewRoman(0)/m/n/14.4 локализатора. Здесь
 []


Underfull \hbox (badness 10000) in paragraph at lines 43--43
\TU/TimesNewRoman(0)/m/n/14.4 происходит подго-
 []


Underfull \hbox (badness 10000) in paragraph at lines 43--43
\TU/TimesNewRoman(0)/m/n/14.4 товка изображения,
 []


Underfull \hbox (badness 10000) in paragraph at lines 43--43
\TU/TimesNewRoman(0)/m/n/14.4 локализация, норма-
 []


Underfull \hbox (badness 10000) in paragraph at lines 43--43
\TU/TimesNewRoman(0)/m/n/14.4 лизация, разделение
 []


Underfull \hbox (badness 1939) in paragraph at lines 43--43
\TU/TimesNewRoman(0)/m/n/14.4 на элементы, нареза-
 []


Underfull \hbox (badness 10000) in paragraph at lines 43--43
\TU/TimesNewRoman(0)/m/n/14.4 ние изображений и
 []


Underfull \hbox (badness 2744) in paragraph at lines 43--43
\TU/TimesNewRoman(0)/m/n/14.4 32, 3). Далее проис-
 []


Underfull \hbox (badness 10000) in paragraph at lines 43--43
\TU/TimesNewRoman(0)/m/n/14.4 счет метки класса
 []


Underfull \hbox (badness 6445) in paragraph at lines 43--43
\TU/TimesNewRoman(0)/m/n/14.4 и сбор координат в
 []


Underfull \hbox (badness 2142) in paragraph at lines 43--43
\TU/TimesNewRoman(0)/m/n/14.4 В нашем варианте 0
 []


Underfull \hbox (badness 10000) in paragraph at lines 43--43
[]|\TU/TimesNewRoman(0)/m/n/14.4 Функция для визуа-
 []


Underfull \hbox (badness 10000) in paragraph at lines 43--43
\TU/TimesNewRoman(0)/m/n/14.4 лизации результатов
 []


Underfull \hbox (badness 10000) in paragraph at lines 43--43
\TU/TimesNewRoman(0)/m/n/14.4 детекции с помо-
 []


Underfull \hbox (badness 1028) in paragraph at lines 43--43
\TU/TimesNewRoman(0)/m/n/14.4 щью OpenCV. Рисует
 []


Underfull \hbox (badness 10000) in paragraph at lines 43--43
\TU/TimesNewRoman(0)/m/n/14.4 текст и квадраты
 []


Underfull \hbox (badness 10000) in paragraph at lines 43--43
\TU/TimesNewRoman(0)/m/n/14.4 на изображении в
 []


Underfull \hbox (badness 10000) in paragraph at lines 43--43
\TU/TimesNewRoman(0)/m/n/14.4 знанными объектами
 []


Underfull \hbox (badness 1681) in paragraph at lines 43--43
\TU/TimesNewRoman(0)/m/n/14.4 ции путём объедине-
 []


Underfull \hbox (badness 4181) in paragraph at lines 43--43
\TU/TimesNewRoman(0)/m/n/14.4 ния перекрывающих-
 []


Underfull \hbox (badness 1571) in paragraph at lines 43--43
\TU/TimesNewRoman(0)/m/n/14.4 ляем IoU, самый на-
 []


Underfull \hbox (badness 10000) in paragraph at lines 43--43
[]|\TU/TimesNewRoman(0)/m/n/14.4 Функция для об-
 []


Underfull \hbox (badness 10000) in paragraph at lines 43--43
\TU/TimesNewRoman(0)/m/n/14.4 наружения огня на
 []


Underfull \hbox (badness 10000) in paragraph at lines 43--43
\TU/TimesNewRoman(0)/m/n/14.4 изображении и его
 []


Underfull \hbox (badness 10000) in paragraph at lines 43--43
\TU/TimesNewRoman(0)/m/n/14.4 визуализации. Счи-
 []


Underfull \hbox (badness 10000) in paragraph at lines 43--43
\TU/TimesNewRoman(0)/m/n/14.4 тывает изображение,
 []


Underfull \hbox (badness 10000) in paragraph at lines 43--43
\TU/TimesNewRoman(0)/m/n/14.4 переводит его в
 []


Underfull \hbox (badness 10000) in paragraph at lines 43--43
\TU/TimesNewRoman(0)/m/n/14.4 matplotlib и выво-
 []


Underfull \hbox (badness 5939) in paragraph at lines 43--43
\TU/TimesNewRoman(0)/m/n/14.4 дит на Canvas поле
 []


Underfull \hbox (badness 10000) in paragraph at lines 43--43
\TU/TimesNewRoman(0)/m/n/14.4 изображения через
 []


Underfull \hbox (badness 10000) in paragraph at lines 43--43
\TU/TimesNewRoman(0)/m/n/14.4 диалоговое окно.
 []


Underfull \hbox (badness 5119) in paragraph at lines 43--43
\TU/TimesNewRoman(0)/m/n/14.4 Также помещает его
 []


Underfull \hbox (badness 1303) in paragraph at lines 43--43
\TU/TimesNewRoman(0)/m/n/14.4 в Canvas поле загру-
 []


Underfull \hbox (badness 10000) in paragraph at lines 43--43
[]|\TU/TimesNewRoman(0)/m/n/14.4 Функция для за-
 []


Underfull \hbox (badness 10000) in paragraph at lines 43--43
\TU/TimesNewRoman(0)/m/n/14.4 пуска процесса
 []


Underfull \hbox (badness 1281) in paragraph at lines 43--43
\TU/TimesNewRoman(0)/m/n/14.4 обнаружения огня на
 []


Underfull \hbox (badness 10000) in paragraph at lines 43--43
\TU/TimesNewRoman(0)/m/n/14.4 загруженном изоб-
 []


Underfull \hbox (badness 10000) in paragraph at lines 43--43
\TU/TimesNewRoman(0)/m/n/14.4 ражении. Вызывает
 []


Overfull \hbox (6.22867pt too wide) in paragraph at lines 43--43
[]|\TU/TimesNewRoman(0)/m/n/14.4 check_and_install_packages| 
 []


Underfull \hbox (badness 10000) in paragraph at lines 43--43
[]|\TU/TimesNewRoman(0)/m/n/14.4 Функция для про-
 []


Underfull \hbox (badness 10000) in paragraph at lines 43--43
\TU/TimesNewRoman(0)/m/n/14.4 верки и установки
 []


Underfull \hbox (badness 10000) in paragraph at lines 43--43
\TU/TimesNewRoman(0)/m/n/14.4 необходимых па-
 []


Underfull \hbox (badness 10000) in paragraph at lines 43--43
\TU/TimesNewRoman(0)/m/n/14.4 кетов PyQt5 и sip.
 []


Underfull \hbox (badness 10000) in paragraph at lines 43--43
\TU/TimesNewRoman(0)/m/n/14.4 Вызывается для
 []


Underfull \hbox (badness 10000) in paragraph at lines 43--43
\TU/TimesNewRoman(0)/m/n/14.4 предварительного
 []


Underfull \hbox (badness 1092) in paragraph at lines 43--43
[]|\TU/TimesNewRoman(0)/m/n/14.4 Функция для запуска
 []


Underfull \hbox (badness 3919) in paragraph at lines 43--43
\TU/TimesNewRoman(0)/m/n/14.4 для аннотации изоб-
 []


Underfull \hbox (badness 10000) in paragraph at lines 43--43
\TU/TimesNewRoman(0)/m/n/14.4 ражений. Labelimg
 []


Underfull \hbox (badness 10000) in paragraph at lines 43--43
\TU/TimesNewRoman(0)/m/n/14.4 установлен заранее,
 []


Underfull \hbox (badness 10000) in paragraph at lines 43--43
\TU/TimesNewRoman(0)/m/n/14.4 ка дополнительные
 []


Underfull \hbox (badness 10000) in paragraph at lines 43--43
\TU/TimesNewRoman(0)/m/n/14.4 фикатора. Вызывает
 []


Underfull \hbox (badness 5064) in paragraph at lines 43--43
\TU/TimesNewRoman(0)/m/n/14.4 функцию из другого
 []


Underfull \hbox (badness 5245) in paragraph at lines 43--43
[]|\TU/TimesNewRoman(0)/m/n/14.4 Функция для начала
 []


Underfull \hbox (badness 2310) in paragraph at lines 43--43
\TU/TimesNewRoman(0)/m/n/14.4 обучения модели ло-
 []


Underfull \hbox (badness 10000) in paragraph at lines 43--43
\TU/TimesNewRoman(0)/m/n/14.4 функцию train() и
 []


Underfull \hbox (badness 10000) in paragraph at lines 43--43
[]|\TU/TimesNewRoman(0)/m/n/14.4 Открывает новое
 []


Underfull \hbox (badness 10000) in paragraph at lines 43--43
\TU/TimesNewRoman(0)/m/n/14.4 окно для обучения
 []


Underfull \hbox (badness 6188) in paragraph at lines 43--43
\TU/TimesNewRoman(0)/m/n/14.4 для удобного обуче-
 []


Underfull \hbox (badness 6641) in paragraph at lines 43--43
\TU/TimesNewRoman(0)/m/n/14.4 ния, тестирования и
 []


Underfull \hbox (badness 10000) in paragraph at lines 43--43
\TU/TimesNewRoman(0)/m/n/14.4 работы с файлами
 []


Underfull \hbox (badness 2671) in paragraph at lines 43--43
\TU/TimesNewRoman(0)/m/n/14.4 пользовательской мо-
 []

ignored error: Infinite glue shrinkage found in box being split [45]
ignored error: Infinite glue shrinkage found in box being split [46]
ignored error: Infinite glue shrinkage found in box being split [47]
ignored error: Infinite glue shrinkage found in box being split [48] [49]
Overfull \hbox (17.36511pt too wide) in paragraph at lines 74--74
 []|\TU/TimesNewRoman(0)/m/n/14.4 Наименование| 
 []


Underfull \hbox (badness 2538) in paragraph at lines 74--74
[]|\TU/TimesNewRoman(0)/m/n/14.4 Объект дерева XML,
 []


Underfull \hbox (badness 2828) in paragraph at lines 74--74
\TU/TimesNewRoman(0)/m/n/14.4 содержащий структу-
 []


Underfull \hbox (badness 1152) in paragraph at lines 74--74
\TU/TimesNewRoman(0)/m/n/14.4 ла для информирова-
 []


Underfull \hbox (badness 10000) in paragraph at lines 74--74
[]|\TU/TimesNewRoman(0)/m/n/14.4 Корневой элемент
 []


Underfull \hbox (badness 10000) in paragraph at lines 74--74
\TU/TimesNewRoman(0)/m/n/14.4 XML файла, предо-
 []


Underfull \hbox (badness 4927) in paragraph at lines 74--74
\TU/TimesNewRoman(0)/m/n/14.4 дочерним элементам.
 []


Overfull \hbox (1.24246pt too wide) in paragraph at lines 74--74
[]|\TU/TimesNewRoman(0)/m/n/14.4 num_objects| 
 []


Underfull \hbox (badness 10000) in paragraph at lines 74--74
[]|\TU/TimesNewRoman(0)/m/n/14.4 Количество объек-
 []


Underfull \hbox (badness 10000) in paragraph at lines 74--74
\TU/TimesNewRoman(0)/m/n/14.4 тов, размеченных в
 []


Underfull \hbox (badness 10000) in paragraph at lines 74--74
\TU/TimesNewRoman(0)/m/n/14.4 XML файле. Коли-
 []


Underfull \hbox (badness 10000) in paragraph at lines 74--74
\TU/TimesNewRoman(0)/m/n/14.4 чество размеченных
 []


Underfull \hbox (badness 2762) in paragraph at lines 74--74
\TU/TimesNewRoman(0)/m/n/14.4 объектов (6 - кол-во
 []


Underfull \hbox (badness 10000) in paragraph at lines 74--74
\TU/TimesNewRoman(0)/m/n/14.4 служебных элемен-
 []


Underfull \hbox (badness 3219) in paragraph at lines 74--74
\TU/TimesNewRoman(0)/m/n/14.4 нормализованных ко-
 []


Underfull \hbox (badness 2213) in paragraph at lines 74--74
\TU/TimesNewRoman(0)/m/n/14.4 извлеченная из XML
 []


Underfull \hbox (badness 3068) in paragraph at lines 74--74
[]|\TU/TimesNewRoman(0)/m/n/14.4 Высота изображения,
 []


Underfull \hbox (badness 2213) in paragraph at lines 74--74
\TU/TimesNewRoman(0)/m/n/14.4 извлеченная из XML
 []


Overfull \hbox (1.2284pt too wide) in paragraph at lines 74--74
[]|\TU/TimesNewRoman(0)/m/n/14.4 object_cords| 
 []


Underfull \hbox (badness 3219) in paragraph at lines 74--74
\TU/TimesNewRoman(0)/m/n/14.4 нормализованных ко-
 []


Underfull \hbox (badness 10000) in paragraph at lines 74--74
[]|\TU/TimesNewRoman(0)/m/n/14.4 Тензор изображения
 []


Underfull \hbox (badness 10000) in paragraph at lines 74--74
\TU/TimesNewRoman(0)/m/n/14.4 после загрузки и
 []


Underfull \hbox (badness 10000) in paragraph at lines 74--74
[]|\TU/TimesNewRoman(0)/m/n/14.4 Функция для созда-
 []


Underfull \hbox (badness 2065) in paragraph at lines 74--74
\TU/TimesNewRoman(0)/m/n/14.4 ния новой фигуры в
 []


Underfull \hbox (badness 1231) in paragraph at lines 74--74
[]|\TU/TimesNewRoman(0)/m/n/14.4 Функция для отобра-
 []


Underfull \hbox (badness 6188) in paragraph at lines 74--74
[]|\TU/TimesNewRoman(0)/m/n/14.4 Функция для управ-
 []


Underfull \hbox (badness 10000) in paragraph at lines 74--74
\TU/TimesNewRoman(0)/m/n/14.4 ления отображением
 []


Underfull \hbox (badness 1231) in paragraph at lines 74--74
[]|\TU/TimesNewRoman(0)/m/n/14.4 Функция для отобра-
 []


Underfull \hbox (badness 10000) in paragraph at lines 74--74
\TU/TimesNewRoman(0)/m/n/14.4 жения всей фигуры
 []


Underfull \hbox (badness 10000) in paragraph at lines 74--74
\TU/TimesNewRoman(0)/m/n/14.4 с подграфиками.
 []


Underfull \hbox (badness 10000) in paragraph at lines 74--74
\TU/TimesNewRoman(0)/m/n/14.4 Открывает окно с
 []


Underfull \hbox (badness 10000) in paragraph at lines 74--74
\TU/TimesNewRoman(0)/m/n/14.4 исходным изображе-
 []

ignored error: Infinite glue shrinkage found in box being split [50] [51]
Underfull \hbox (badness 5260) in paragraph at lines 98--98
[]|\TU/TimesNewRoman(0)/m/n/14.4 Путь к папке с
 []


Underfull \hbox (badness 10000) in paragraph at lines 98--98
\TU/TimesNewRoman(0)/m/n/14.4 изображения-
 []


Underfull \hbox (badness 10000) in paragraph at lines 98--98
\TU/TimesNewRoman(0)/m/n/14.4 ми. Значением
 []


Underfull \hbox (badness 10000) in paragraph at lines 98--98
\TU/TimesNewRoman(0)/m/n/14.4 является адрес
 []


Underfull \hbox (badness 2088) in paragraph at lines 98--98
\TU/TimesNewRoman(0)/m/n/14.4 папки с нашими
 []


Underfull \hbox (badness 10000) in paragraph at lines 98--98
[]|\TU/TimesNewRoman(0)/m/n/14.4 Функция для
 []


Underfull \hbox (badness 10000) in paragraph at lines 98--98
\TU/TimesNewRoman(0)/m/n/14.4 создания списка
 []


Underfull \hbox (badness 10000) in paragraph at lines 98--98
\TU/TimesNewRoman(0)/m/n/14.4 XML файлов в
 []


Underfull \hbox (badness 10000) in paragraph at lines 98--98
\TU/TimesNewRoman(0)/m/n/14.4 указанной пап-
 []


Underfull \hbox (badness 10000) in paragraph at lines 98--98
\TU/TimesNewRoman(0)/m/n/14.4 ке. Формируем
 []


Underfull \hbox (badness 2744) in paragraph at lines 98--98
\TU/TimesNewRoman(0)/m/n/14.4 список всех xml
 []


Underfull \hbox (badness 1565) in paragraph at lines 98--98
[]|\TU/TimesNewRoman(0)/m/n/14.4 Функция для за-
 []


Underfull \hbox (badness 5504) in paragraph at lines 98--98
\TU/TimesNewRoman(0)/m/n/14.4 грузки и предо-
 []


Underfull \hbox (badness 4429) in paragraph at lines 98--98
\TU/TimesNewRoman(0)/m/n/14.4 здания TFRecord
 []


Underfull \hbox (badness 10000) in paragraph at lines 98--98
\TU/TimesNewRoman(0)/m/n/14.4 для классифика-
 []


Underfull \hbox (badness 10000) in paragraph at lines 98--98
\TU/TimesNewRoman(0)/m/n/14.4 тора. Здесь мы
 []


Underfull \hbox (badness 10000) in paragraph at lines 98--98
[]|\TU/TimesNewRoman(0)/m/n/14.4 Словарь для
 []


Underfull \hbox (badness 10000) in paragraph at lines 98--98
\TU/TimesNewRoman(0)/m/n/14.4 сопоставления
 []


Underfull \hbox (badness 5203) in paragraph at lines 98--98
\TU/TimesNewRoman(0)/m/n/14.4 названий с мет-
 []


Underfull \hbox (badness 3514) in paragraph at lines 98--98
\TU/TimesNewRoman(0)/m/n/14.4 ками классов. В
 []


Underfull \hbox (badness 1325) in paragraph at lines 98--98
\TU/TimesNewRoman(0)/m/n/14.4 Ничего (nothing),
 []


Underfull \hbox (badness 10000) in paragraph at lines 98--98
\TU/TimesNewRoman(0)/m/n/14.4 1- Возгорание
 []


Underfull \hbox (badness 10000) in paragraph at lines 98--98
[]|\TU/TimesNewRoman(0)/m/n/14.4 Внутренняя
 []


Underfull \hbox (badness 10000) in paragraph at lines 98--98
\TU/TimesNewRoman(0)/m/n/14.4 функция для
 []


Underfull \hbox (badness 10000) in paragraph at lines 98--98
\TU/TimesNewRoman(0)/m/n/14.4 ботанного изоб-
 []


Underfull \hbox (badness 3657) in paragraph at lines 98--98
\TU/TimesNewRoman(0)/m/n/14.4 в TFRecord. Со-
 []


Underfull \hbox (badness 10000) in paragraph at lines 98--98
\TU/TimesNewRoman(0)/m/n/14.4 здается запись
 []


Underfull \hbox (badness 10000) in paragraph at lines 98--98
\TU/TimesNewRoman(0)/m/n/14.4 writer, данные
 []


Underfull \hbox (badness 10000) in paragraph at lines 98--98
\TU/TimesNewRoman(0)/m/n/14.4 предоставляются
 []


Underfull \hbox (badness 2042) in paragraph at lines 98--98
\TU/TimesNewRoman(0)/m/n/14.4 в байтовом виде
 []


Underfull \hbox (badness 1348) in paragraph at lines 98--98
\TU/TimesNewRoman(0)/m/n/14.4 и собирается эк-
 []


Underfull \hbox (badness 10000) in paragraph at lines 98--98
\TU/TimesNewRoman(0)/m/n/14.4 земляр, который
 []


Underfull \hbox (badness 10000) in paragraph at lines 98--98
\TU/TimesNewRoman(0)/m/n/14.4 потом записы-
 []


Underfull \hbox (badness 10000) in paragraph at lines 98--98
\TU/TimesNewRoman(0)/m/n/14.4 вается в запись
 []


Underfull \hbox (badness 10000) in paragraph at lines 98--98
[]|\TU/TimesNewRoman(0)/m/n/14.4 Функция для
 []


Underfull \hbox (badness 10000) in paragraph at lines 98--98
\TU/TimesNewRoman(0)/m/n/14.4 разбора записей
 []


Underfull \hbox (badness 1057) in paragraph at lines 98--98
\TU/TimesNewRoman(0)/m/n/14.4 TFRecord. Имена
 []


Underfull \hbox (badness 10000) in paragraph at lines 98--98
\TU/TimesNewRoman(0)/m/n/14.4 элементов оста-
 []


Underfull \hbox (badness 10000) in paragraph at lines 98--98
\TU/TimesNewRoman(0)/m/n/14.4 ются как при
 []

ignored error: Infinite glue shrinkage found in box being split [52]
Underfull \hbox (badness 5260) in paragraph at lines 135--135
[]|\TU/TimesNewRoman(0)/m/n/14.4 Путь к папке с
 []


Underfull \hbox (badness 10000) in paragraph at lines 135--135
\TU/TimesNewRoman(0)/m/n/14.4 изображения-
 []


Underfull \hbox (badness 10000) in paragraph at lines 135--135
\TU/TimesNewRoman(0)/m/n/14.4 ми. Значением
 []


Underfull \hbox (badness 10000) in paragraph at lines 135--135
\TU/TimesNewRoman(0)/m/n/14.4 является адрес
 []


Underfull \hbox (badness 2088) in paragraph at lines 135--135
\TU/TimesNewRoman(0)/m/n/14.4 папки с нашими
 []


Underfull \hbox (badness 10000) in paragraph at lines 135--135
[]|\TU/TimesNewRoman(0)/m/n/14.4 Загружает изоб-
 []


Underfull \hbox (badness 1270) in paragraph at lines 135--135
\TU/TimesNewRoman(0)/m/n/14.4 ражение, декоди-
 []


Underfull \hbox (badness 10000) in paragraph at lines 135--135
\TU/TimesNewRoman(0)/m/n/14.4 рует, нормали-
 []


Underfull \hbox (badness 5681) in paragraph at lines 135--135
\TU/TimesNewRoman(0)/m/n/14.4 зует и изменяет
 []


Underfull \hbox (badness 7064) in paragraph at lines 135--135
[]|\TU/TimesNewRoman(0)/m/n/14.4 Формируем спи-
 []


Overfull \hbox (10.02763pt too wide) in paragraph at lines 135--135
[]|\TU/TimesNewRoman(0)/m/n/14.4 TFRecordWriter| 
 []


Underfull \hbox (badness 10000) in paragraph at lines 135--135
[]|\TU/TimesNewRoman(0)/m/n/14.4 Записывает дан-
 []


Underfull \hbox (badness 2005) in paragraph at lines 135--135
\TU/TimesNewRoman(0)/m/n/14.4 ные в TFRecord.
 []


Underfull \hbox (badness 10000) in paragraph at lines 135--135
\TU/TimesNewRoman(0)/m/n/14.4 Создание самой
 []


Underfull \hbox (badness 10000) in paragraph at lines 135--135
[]|\TU/TimesNewRoman(0)/m/n/14.4 Количество объ-
 []


Underfull \hbox (badness 10000) in paragraph at lines 135--135
\TU/TimesNewRoman(0)/m/n/14.4 ектов в XML
 []


Underfull \hbox (badness 10000) in paragraph at lines 135--135
[]|\TU/TimesNewRoman(0)/m/n/14.4 Список коорди-
 []


Underfull \hbox (badness 10000) in paragraph at lines 135--135
[]|\TU/TimesNewRoman(0)/m/n/14.4 Ширина изобра-
 []


Underfull \hbox (badness 10000) in paragraph at lines 135--135
[]|\TU/TimesNewRoman(0)/m/n/14.4 Высота изобра-
 []


Underfull \hbox (badness 10000) in paragraph at lines 135--135
[]|\TU/TimesNewRoman(0)/m/n/14.4 Координаты од-
 []


Underfull \hbox (badness 10000) in paragraph at lines 135--135
\TU/TimesNewRoman(0)/m/n/14.4 ного объекта.
 []


Underfull \hbox (badness 10000) in paragraph at lines 135--135
\TU/TimesNewRoman(0)/m/n/14.4 Тут мы также
 []


Underfull \hbox (badness 10000) in paragraph at lines 135--135
\TU/TimesNewRoman(0)/m/n/14.4 нормализуем
 []


Underfull \hbox (badness 10000) in paragraph at lines 135--135
\TU/TimesNewRoman(0)/m/n/14.4 координаты от
 []


Underfull \hbox (badness 10000) in paragraph at lines 135--135
\TU/TimesNewRoman(0)/m/n/14.4 на исходные
 []


Underfull \hbox (badness 10000) in paragraph at lines 135--135
[]|\TU/TimesNewRoman(0)/m/n/14.4 Сериализованное
 []


Underfull \hbox (badness 10000) in paragraph at lines 135--135
\TU/TimesNewRoman(0)/m/n/14.4 изображение.
 []


Underfull \hbox (badness 3989) in paragraph at lines 135--135
\TU/TimesNewRoman(0)/m/n/14.4 Готовим данные,
 []


Underfull \hbox (badness 10000) in paragraph at lines 135--135
\TU/TimesNewRoman(0)/m/n/14.4 представляем в
 []


Underfull \hbox (badness 10000) in paragraph at lines 135--135
\TU/TimesNewRoman(0)/m/n/14.4 координаты. Го-
 []


Underfull \hbox (badness 10000) in paragraph at lines 135--135
\TU/TimesNewRoman(0)/m/n/14.4 товим данные,
 []


Underfull \hbox (badness 10000) in paragraph at lines 135--135
\TU/TimesNewRoman(0)/m/n/14.4 представляем в
 []


Underfull \hbox (badness 10000) in paragraph at lines 135--135
[]|\TU/TimesNewRoman(0)/m/n/14.4 Пример данных
 []


Underfull \hbox (badness 10000) in paragraph at lines 135--135
\TU/TimesNewRoman(0)/m/n/14.4 для TFRecord.
 []


Underfull \hbox (badness 10000) in paragraph at lines 135--135
\TU/TimesNewRoman(0)/m/n/14.4 Собираем экзе-
 []


Overfull \hbox (16.2081pt too wide) in paragraph at lines 135--135
[]|\TU/TimesNewRoman(0)/m/n/14.4 TFRecordDataset| 
 []


Underfull \hbox (badness 10000) in paragraph at lines 135--135
\TU/TimesNewRoman(0)/m/n/14.4 TFRecord. Сразу
 []


Underfull \hbox (badness 10000) in paragraph at lines 135--135
\TU/TimesNewRoman(0)/m/n/14.4 после создания
 []


Underfull \hbox (badness 10000) in paragraph at lines 135--135
\TU/TimesNewRoman(0)/m/n/14.4 проверка чтения
 []


Underfull \hbox (badness 1348) in paragraph at lines 135--135
[]|\TU/TimesNewRoman(0)/m/n/14.4 Разбирает запись
 []


Underfull \hbox (badness 10000) in paragraph at lines 135--135
\TU/TimesNewRoman(0)/m/n/14.4 из TFRecord.
 []


Underfull \hbox (badness 1189) in paragraph at lines 135--135
[]|\TU/TimesNewRoman(0)/m/n/14.4 Описание прихо-
 []


Underfull \hbox (badness 6016) in paragraph at lines 135--135
[]|\TU/TimesNewRoman(0)/m/n/14.4 Разобранный эк-
 []

[53]
ignored error: Infinite glue shrinkage found in box being split [54] [55]
Underfull \hbox (badness 10000) in paragraph at lines 160--160
[]|\TU/TimesNewRoman(0)/m/n/14.4 Разбирает запись
 []


Underfull \hbox (badness 10000) in paragraph at lines 160--160
\TU/TimesNewRoman(0)/m/n/14.4 TFRecord, возвращая
 []


Underfull \hbox (badness 10000) in paragraph at lines 160--160
[]|\TU/TimesNewRoman(0)/m/n/14.4 shuffle, cache, prefetch,
 []


Underfull \hbox (badness 10000) in paragraph at lines 160--160
[]|\TU/TimesNewRoman(0)/m/n/14.4 Подготавливает да-
 []


Underfull \hbox (badness 10000) in paragraph at lines 160--160
\TU/TimesNewRoman(0)/m/n/14.4 тасет к обучению:
 []


Underfull \hbox (badness 10000) in paragraph at lines 160--160
\TU/TimesNewRoman(0)/m/n/14.4 перемешивание,
 []


Underfull \hbox (badness 10000) in paragraph at lines 160--160
\TU/TimesNewRoman(0)/m/n/14.4 кэширование, пред-
 []


Underfull \hbox (badness 1748) in paragraph at lines 160--160
\TU/TimesNewRoman(0)/m/n/14.4 варительная загрузка,
 []


Underfull \hbox (badness 1742) in paragraph at lines 160--160
\TU/TimesNewRoman(0)/m/n/14.4 ры из датасета и их
 []


Underfull \hbox (badness 10000) in paragraph at lines 160--160
[]|\TU/TimesNewRoman(0)/m/n/14.4 Определяет модель
 []


Underfull \hbox (badness 1642) in paragraph at lines 160--160
\TU/TimesNewRoman(0)/m/n/14.4 ния, возвращая сред-
 []


Underfull \hbox (badness 7631) in paragraph at lines 160--160
[]|\TU/TimesNewRoman(0)/m/n/14.4 Обучает классифика-
 []


Underfull \hbox (badness 6094) in paragraph at lines 160--160
\TU/TimesNewRoman(0)/m/n/14.4 тор и визуализирует
 []


Underfull \hbox (badness 10000) in paragraph at lines 160--160
[]|\TU/TimesNewRoman(0)/m/n/14.4 Визуализирует изоб-
 []


Underfull \hbox (badness 10000) in paragraph at lines 160--160
\TU/TimesNewRoman(0)/m/n/14.4 ражения и пред-
 []


Underfull \hbox (badness 10000) in paragraph at lines 160--160
\TU/TimesNewRoman(0)/m/n/14.4 сказания модели с
 []

ignored error: Infinite glue shrinkage found in box being split [56]
Underfull \hbox (badness 10000) in paragraph at lines 186--186
[]|\TU/TimesNewRoman(0)/m/n/14.4 Разбирает запись
 []


Underfull \hbox (badness 10000) in paragraph at lines 186--186
\TU/TimesNewRoman(0)/m/n/14.4 TFRecord, возвра-
 []


Underfull \hbox (badness 10000) in paragraph at lines 186--186
\TU/TimesNewRoman(0)/m/n/14.4 щая изображение и
 []


Underfull \hbox (badness 4819) in paragraph at lines 186--186
\TU/TimesNewRoman(0)/m/n/14.4 между истинными и
 []


Underfull \hbox (badness 2035) in paragraph at lines 186--186
\TU/TimesNewRoman(0)/m/n/14.4 предсказанными рам-
 []


Underfull \hbox (badness 10000) in paragraph at lines 186--186
[]|\TU/TimesNewRoman(0)/m/n/14.4 Определяет модель
 []


Underfull \hbox (badness 10000) in paragraph at lines 186--186
[]|\TU/TimesNewRoman(0)/m/n/14.4 Тестирует модель,
 []


Underfull \hbox (badness 10000) in paragraph at lines 186--186
\TU/TimesNewRoman(0)/m/n/14.4 визуализируя резуль-
 []


Underfull \hbox (badness 7012) in paragraph at lines 186--186
\TU/TimesNewRoman(0)/m/n/14.4 зуализирует историю
 []

ignored error: Infinite glue shrinkage found in box being split [57]
(c:/texlive/2025/texmf-dist/tex/latex/listings/lstlang1.sty
File: lstlang1.sty 2025/11/14 1.11b listings language file
)
LaTeX Font Info:    Font shape `TU/Verdana(0)/m/n' will be
(Font)              scaled to size 10.07994pt on input line 195.
 [58] [59] [60]
File: images/systemtest1.png Graphic file (type bmp)
<images/systemtest1.png>

[61]
File: images/systemtest13.png Graphic file (type bmp)
<images/systemtest13.png>
 [62]
File: images/systemtest2.png Graphic file (type bmp)
<images/systemtest2.png>
 [63]
File: images/systemtest4.png Graphic file (type bmp)
<images/systemtest4.png>
 [64]
File: images/systemtest3.png Graphic file (type bmp)
<images/systemtest3.png>
File: images/systemtest5.png Graphic file (type bmp)
<images/systemtest5.png>
 [65]
File: images/systemtest6.png Graphic file (type bmp)
<images/systemtest6.png>
File: images/systemtest7.png Graphic file (type bmp)
<images/systemtest7.png>
 [66]
File: images/systemtest8.png Graphic file (type bmp)
<images/systemtest8.png>
File: images/systemtest9.png Graphic file (type bmp)
<images/systemtest9.png>
 [67]
File: images/systemtest10.png Graphic file (type bmp)
<images/systemtest10.png>
File: images/systemtest11.png Graphic file (type bmp)
<images/systemtest11.png>
 [68]
File: images/systemtest12.png Graphic file (type bmp)
<images/systemtest12.png>
File: images/systemtest22.png Graphic file (type bmp)
<images/systemtest22.png>
 [69]
File: images/systemtest14.png Graphic file (type bmp)
<images/systemtest14.png>
 [70]
File: images/systemtest15.png Graphic file (type bmp)
<images/systemtest15.png>
 [71]
File: images/systemtest16.png Graphic file (type bmp)
<images/systemtest16.png>
 [72]
File: images/systemtest17.png Graphic file (type bmp)
<images/systemtest17.png>
 [73]
File: images/systemtest18.png Graphic file (type bmp)
<images/systemtest18.png>
File: images/systemtest19.png Graphic file (type bmp)
<images/systemtest19.png>
 [74]
File: images/systemtest20.png Graphic file (type bmp)
<images/systemtest20.png>
 [75]
File: images/systemtest21.png Graphic file (type bmp)
<images/systemtest21.png>
File: images/systemtestlabelimg2.png Graphic file (type bmp)
<images/systemtestlabelimg2.png>

[76]
File: images/systemtestlabelimg1.png Graphic file (type bmp)
<images/systemtestlabelimg1.png>
) (./Заключение.tex [77]) (./СписокИсточников.tex [78] [79]
Underfull \hbox (badness 6188) in paragraph at lines 15--16
[]\TU/TimesNewRoman(0)/m/n/14.4 Герон, О. Практическое машинное обучение с Scik
it-Learn и
 []

[80]
Underfull \hbox (badness 10000) in paragraph at lines 27--28
[]\TU/TimesNewRoman(0)/m/n/14.4 Северенс, Ч. Введение в программирование на Pyt
hon :
 []


Underfull \hbox (badness 10000) in paragraph at lines 27--28
\TU/TimesNewRoman(0)/m/n/14.4 учебник / Ч. Северенс. - 2-е изд., испр. - Москва
 : Националь-
 []


Underfull \hbox (badness 10000) in paragraph at lines 27--28
\TU/TimesNewRoman(0)/m/n/14.4 ный Открытый Университет «ИНТУИТ», 2016. - 231 с.
 - URL:
 []


Underfull \hbox (badness 10000) in paragraph at lines 27--28
\TU/TimesNewRoman(0)/m/n/14.4 https://biblioclub.ru/index.php?page=book&id=4291
84 (дата обращения:
 []


Underfull \hbox (badness 10000) in paragraph at lines 29--30
[]\TU/TimesNewRoman(0)/m/n/14.4 Программные системы статистического анализа: об
наруже-
 []


Underfull \hbox (badness 4084) in paragraph at lines 29--30
\TU/TimesNewRoman(0)/m/n/14.4 ние закономерностей в данных с использованием сис
темы R и язы-
 []


Underfull \hbox (badness 1527) in paragraph at lines 29--30
\TU/TimesNewRoman(0)/m/n/14.4 ка Python : учебное пособие / В. М. Волкова, М. А
. Семенова, Е. С.
 []


Underfull \hbox (badness 3439) in paragraph at lines 29--30
\TU/TimesNewRoman(0)/m/n/14.4 Четвертакова, С. С. Вожов. - Новосибирск : Новоси
бирский государ-
 []


Underfull \hbox (badness 2635) in paragraph at lines 29--30
\TU/TimesNewRoman(0)/m/n/14.4 ственный технический университет, 2017. - 74 с. :
 ил., табл. - URL:
 []


Underfull \hbox (badness 10000) in paragraph at lines 29--30
\TU/TimesNewRoman(0)/m/n/14.4 https://biblioclub.ru/index.php?page=book&id=5764
96 (дата обращения:
 []

[81] [82]
Underfull \hbox (badness 3557) in paragraph at lines 34--35
[]\TU/TimesNewRoman(0)/m/n/14.4 Лубенцова, Е. В. Системы управления с динамичес
ким выбо-
 []


Underfull \hbox (badness 2529) in paragraph at lines 34--35
\TU/TimesNewRoman(0)/m/n/14.4 ром структуры, нечеткой логикой и нейросетевыми м
оделями : моно-
 []


Underfull \hbox (badness 4981) in paragraph at lines 34--35
\TU/TimesNewRoman(0)/m/n/14.4 графия / Е. В. Лубенцова. - Ставрополь : СКФУ, 20
14. - 248 с. -
 []


Underfull \hbox (badness 3815) in paragraph at lines 36--37
[]\TU/TimesNewRoman(0)/m/n/14.4 Келлехер, Д. Наука о данных: базовый курс : уче
бное посо-
 []


Underfull \hbox (badness 2012) in paragraph at lines 36--37
\TU/TimesNewRoman(0)/m/n/14.4 бие / Д. Келлехер, Б. Тирни ; науч. ред. З. Мамед
ьяров ; пер. с ан-
 []


Underfull \hbox (badness 1194) in paragraph at lines 36--37
\TU/TimesNewRoman(0)/m/n/14.4 гл. М. Белоголовский. - Москва : Альпина Паблишер
, 2020. - 224 с. -
 []

[83]
Underfull \hbox (badness 1502) in paragraph at lines 40--41
[]\TU/TimesNewRoman(0)/m/n/14.4 Волков Д.А. Модель, метод и нейросетевое оптико
-электронное
 []


Underfull \hbox (badness 1975) in paragraph at lines 41--42
\TU/TimesNewRoman(0)/m/n/14.4 нологии аппаратно‐программных средств (практическ
ие задания и спо-
 []


Underfull \hbox (badness 3884) in paragraph at lines 41--42
\TU/TimesNewRoman(0)/m/n/14.4 собы их решения) : учебник / С. В. Веретехина, К.
 С. Кармицкий,
 []


Underfull \hbox (badness 3826) in paragraph at lines 41--42
\TU/TimesNewRoman(0)/m/n/14.4 Д. Д. Лукашин [и др.]. - Москва : Директ-Медиа, 2
022. - 144 с. -
 []

[84]
Underfull \hbox (badness 10000) in paragraph at lines 46--47
[]\TU/TimesNewRoman(0)/m/n/14.4 Кузнецов, А. С. Теория вычислительных процессов
 : учеб-
 []


Underfull \hbox (badness 10000) in paragraph at lines 46--47
\TU/TimesNewRoman(0)/m/n/14.4 ник / А. С. Кузнецов, Р. Ю. Царев, А. Н. Князьков
. - Красно-
 []


Underfull \hbox (badness 5203) in paragraph at lines 46--47
\TU/TimesNewRoman(0)/m/n/14.4 ярск : Сибирский федеральный университет, 2015. -
 184 с. - URL:
 []


Underfull \hbox (badness 10000) in paragraph at lines 46--47
\TU/TimesNewRoman(0)/m/n/14.4 http://biblioclub.ru/index.php?page=book&id=43569
6. - ISBN 978-5-7638-
 []


Underfull \hbox (badness 1622) in paragraph at lines 47--48
[]\TU/TimesNewRoman(0)/m/n/14.4 Исакова, А. И. Основы информационных технологий
 : учебное
 []


Underfull \hbox (badness 3612) in paragraph at lines 47--48
\TU/TimesNewRoman(0)/m/n/14.4 пособие / А. И. Исакова. - Томск : ТУСУР, 2016. -
 206 с. : ил. -
 []


Underfull \hbox (badness 6016) in paragraph at lines 48--49
[]\TU/TimesNewRoman(0)/m/n/14.4 Гунько, А. В. Программирование (в среде Windows
) : учеб-
 []


Underfull \hbox (badness 10000) in paragraph at lines 48--49
\TU/TimesNewRoman(0)/m/n/14.4 ное пособие / А. В. Гунько ; Новосибирский госуда
рственный
 []


Underfull \hbox (badness 10000) in paragraph at lines 48--49
\TU/TimesNewRoman(0)/m/n/14.4 технический университет. - Новосибирск : Новосиби
рский го-
 []


Underfull \hbox (badness 10000) in paragraph at lines 48--49
\TU/TimesNewRoman(0)/m/n/14.4 сударственный технический университет, 2019. - 15
5 с. - URL:
 []


Underfull \hbox (badness 10000) in paragraph at lines 48--49
\TU/TimesNewRoman(0)/m/n/14.4 https://biblioclub.ru/index.php?page=book&id=5754
17 (дата обращения:
 []


Underfull \hbox (badness 1253) in paragraph at lines 48--49
\TU/TimesNewRoman(0)/m/n/14.4 03.05.2024) . - Режим доступа: по подписке. - Биб
лиогр. в кн. - ISBN
 []

[85]
Underfull \hbox (badness 1292) in paragraph at lines 52--53
[]\TU/TimesNewRoman(0)/m/n/14.4 Аверченков, В. И. Основы математического модели
рования тех-
 []


Underfull \hbox (badness 2150) in paragraph at lines 52--53
\TU/TimesNewRoman(0)/m/n/14.4 нических систем : учебное пособие / В. И. Аверчен
ков, В. П. Федо-
 []


Underfull \hbox (badness 1688) in paragraph at lines 53--54
[]\TU/TimesNewRoman(0)/m/n/14.4 Зыков, С. В. Введение в теорию программирования
. Объектно-
 []


Underfull \hbox (badness 6493) in paragraph at lines 53--54
\TU/TimesNewRoman(0)/m/n/14.4 ориентированный подход : курс лекций / С. В. Зыко
в. - 2-е изд.,
 []


Underfull \hbox (badness 10000) in paragraph at lines 53--54
\TU/TimesNewRoman(0)/m/n/14.4 испр. - Москва : Национальный Открытый Университе
т «ИНТУ-
 []


Underfull \hbox (badness 2401) in paragraph at lines 53--54
\TU/TimesNewRoman(0)/m/n/14.4 ИТ», 2016. - 189 с. - (Основы информационных техн
ологий). - URL:
 []


Underfull \hbox (badness 10000) in paragraph at lines 53--54
\TU/TimesNewRoman(0)/m/n/14.4 http://biblioclub.ru/index.php?page=book&id=42907
3 (дата обращения:
 []

) (./Плакаты.tex [86] [87]
File: images/Ramka_VKR.png Graphic file (type bmp)
<images/Ramka_VKR.png>
File: images/Ramka_VKR2.png Graphic file (type bmp)
<images/Ramka_VKR2.png>
 [88

]
File: images/Ramka_VKR3.png Graphic file (type bmp)
<images/Ramka_VKR3.png>
 [89]
File: images/Ramka_VKR4.png Graphic file (type bmp)
<images/Ramka_VKR4.png>
 [90]
File: images/Ramka_VKR5.png Graphic file (type bmp)
<images/Ramka_VKR5.png>
 [91]
File: images/Ramka_VKR6.png Graphic file (type bmp)
<images/Ramka_VKR6.png>
 [92]
File: images/Ramka_VKR7.png Graphic file (type bmp)
<images/Ramka_VKR7.png>
 [93]
File: images/Ramka_VKR8.png Graphic file (type bmp)
<images/Ramka_VKR8.png>
 [94]
File: images/Ramka_VKR9.png Graphic file (type bmp)
<images/Ramka_VKR9.png>
 [95] [96])
(./Код.tex
Package hyperref Info: bookmark level for unknown lstlisting defaults to 0 on i
nput line 4.
 (./main.py [97

] [98] [99] [100] [101] [102] [103]) (./classifier.py
[104] [105] [106]) (./training.py [107] [108] [109]) [110]) [111] (./main.aux)
 ***********
LaTeX2e <2025-11-01>
L3 programming layer <2026-01-19>
 ***********


LaTeX Font Warning: Size substitutions with differences
(Font)              up to 4.5pt have occurred.


LaTeX Warning: There were undefined references.


LaTeX Warning: There were multiply-defined labels.


Package rerunfilecheck Warning: File `main.out' has changed.
(rerunfilecheck)                Rerun to get outlines right
(rerunfilecheck)                or use package `bookmark'.

Package rerunfilecheck Info: Checksums for `main.out':
(rerunfilecheck)             Before: 54D48AF9B89CF46BBA24FE01ACBF0410;20377
(rerunfilecheck)             After:  E56D35322AF3D07AB00E671F50BAA775;22343.
 ) 
Here is how much of TeX's memory you used:
 17568 strings out of 468174
 338147 string characters out of 5436827
 1265513 words of memory out of 5000000
 46021 multiletter control sequences out of 15000+600000
 632037 words of font info for 91 fonts, out of 8000000 for 9000
 1348 hyphenation exceptions out of 8191
 93i,11n,110p,1489b,2117s stack positions out of 10000i,1000n,20000p,200000b,200000s

Output written on main.pdf (111 pages).
